<?xml version="1.0" encoding="UTF-8"?>
<TestRun id="021ec7a0-cb60-409f-8bbc-7fb5f9f866a3" name="crash@CRASH-PC 2011-08-02 19:45:50" runUser="crash-pc\crash" xmlns="http://microsoft.com/schemas/VisualStudio/TeamTest/2010">
  <TestSettings name="Локальные" id="0f559936-debe-4c34-8ceb-5be85127149a">
    <Description>Это - параметры по умолчанию для локального тестового запуска.</Description>
    <Deployment enabled="false" runDeploymentRoot="crash_CRASH-PC 2011-08-02 19_45_50">
      <DeploymentItem filename="D:\BACKUP\ftp\projects\health\Health\Health.Core\bin\Debug\Health.Core.dll" />
      <DeploymentItem filename="D:\BACKUP\ftp\projects\health\Health\packages\Ninject.2.2.1.4\lib\net40-Full\Ninject.dll" />
      <DeploymentItem filename="D:\BACKUP\ftp\projects\health\Health\Health.API\bin\Debug\Health.API.dll" />
      <DeploymentItem filename="D:\BACKUP\ftp\projects\health\Health\packages\Moq.4.0.10827\lib\NET40\Moq.dll" />
      <DeploymentItem filename="D:\BACKUP\ftp\projects\health\Health\Health.Data\bin\Debug\Health.Data.dll" />
    </Deployment>
    <Execution>
      <TestTypeSpecific />
      <AgentRule name="Execution Agents">
      </AgentRule>
    </Execution>
  </TestSettings>
  <Times creation="2011-08-02T19:45:50.0342489+07:00" queuing="2011-08-02T19:45:50.0912522+07:00" start="2011-08-02T19:45:50.1022528+07:00" finish="2011-08-02T19:45:51.2993213+07:00" />
  <ResultSummary outcome="Completed">
    <Counters total="1" executed="1" passed="1" error="0" failed="0" timeout="0" aborted="0" inconclusive="0" passedButRunAborted="0" notRunnable="0" notExecuted="0" disconnected="0" warning="0" completed="0" inProgress="0" pending="0" />
  </ResultSummary>
  <TestDefinitions>
    <UnitTest name="UserSessionStarted" storage="d:\backup\ftp\projects\health\health\health.core.test\bin\debug\health.core.test.dll" id="1f777003-b005-92a6-e502-cca949edeeb8">
      <Execution id="b1156fe2-db83-4a4f-acea-d2a0c1e0a0cd" />
      <TestMethod codeBase="D:/BACKUP/ftp/projects/health/Health/Health.Core.Test/bin/Debug/Health.Core.Test.DLL" adapterTypeName="Microsoft.VisualStudio.TestTools.TestTypes.Unit.UnitTestAdapter, Microsoft.VisualStudio.QualityTools.Tips.UnitTest.Adapter, Version=10.0.0.0, Culture=neutral, PublicKeyToken=b03f5f7f11d50a3a" className="Health.Core.Test.CoreKernelTest, Health.Core.Test, Version=1.0.0.0, Culture=neutral, PublicKeyToken=null" name="UserSessionStarted" />
    </UnitTest>
  </TestDefinitions>
  <TestLists>
    <TestList name="Отсутствующие в списке результаты" id="8c84fa94-04c1-424b-9868-57a2d4851a1d" />
    <TestList name="Все загруженные результаты" id="19431567-8539-422a-85d7-44ee4e166bda" />
  </TestLists>
  <TestEntries>
    <TestEntry testId="1f777003-b005-92a6-e502-cca949edeeb8" executionId="b1156fe2-db83-4a4f-acea-d2a0c1e0a0cd" testListId="8c84fa94-04c1-424b-9868-57a2d4851a1d" />
  </TestEntries>
  <Results>
    <UnitTestResult executionId="b1156fe2-db83-4a4f-acea-d2a0c1e0a0cd" testId="1f777003-b005-92a6-e502-cca949edeeb8" testName="UserSessionStarted" computerName="CRASH-PC" duration="00:00:00.1968319" startTime="2011-08-02T19:45:50.1322545+07:00" endTime="2011-08-02T19:45:50.7332889+07:00" testType="13cdc9d9-ddb5-4fa4-a97d-d965ccfc6d4b" outcome="Passed" testListId="8c84fa94-04c1-424b-9868-57a2d4851a1d" relativeResultsDirectory="b1156fe2-db83-4a4f-acea-d2a0c1e0a0cd">
    </UnitTestResult>
  </Results>
</TestRun>