<?xml version="1.0" encoding="UTF-8"?>
<TestRun id="86dddd5b-6bba-4a61-bb45-9669cf7507e7" name="crash@CRASH-PC 2011-08-02 19:36:16" runUser="crash-pc\crash" xmlns="http://microsoft.com/schemas/VisualStudio/TeamTest/2010">
  <TestSettings name="Локальные" id="0f559936-debe-4c34-8ceb-5be85127149a">
    <Description>Это - параметры по умолчанию для локального тестового запуска.</Description>
    <Deployment enabled="false" runDeploymentRoot="crash_CRASH-PC 2011-08-02 19_36_16">
      <DeploymentItem filename="D:\BACKUP\ftp\projects\health\Health\Health.Core\bin\Debug\Health.Core.dll" />
      <DeploymentItem filename="D:\BACKUP\ftp\projects\health\Health\packages\Ninject.2.2.1.4\lib\net40-Full\Ninject.dll" />
      <DeploymentItem filename="D:\BACKUP\ftp\projects\health\Health\Health.API\bin\Debug\Health.API.dll" />
      <DeploymentItem filename="D:\BACKUP\ftp\projects\health\Health\packages\Moq.4.0.10827\lib\NET40\Moq.dll" />
      <DeploymentItem filename="D:\BACKUP\ftp\projects\health\Health\Health.Data\bin\Debug\Health.Data.dll" />
    </Deployment>
    <Execution>
      <TestTypeSpecific />
      <AgentRule name="Execution Agents">
      </AgentRule>
    </Execution>
  </TestSettings>
  <Times creation="2011-08-02T19:36:16.4574422+07:00" queuing="2011-08-02T19:36:18.5555622+07:00" start="2011-08-02T19:36:18.8065766+07:00" finish="2011-08-02T19:36:20.4566709+07:00" />
  <ResultSummary outcome="Failed">
    <Counters total="1" executed="1" error="0" failed="1" timeout="0" aborted="0" inconclusive="0" passedButRunAborted="0" notRunnable="0" notExecuted="0" disconnected="0" warning="0" passed="0" completed="0" inProgress="0" pending="0" />
  </ResultSummary>
  <TestDefinitions>
    <UnitTest name="UserSessionStarted" storage="d:\backup\ftp\projects\health\health\health.core.test\bin\debug\health.core.test.dll" id="1f777003-b005-92a6-e502-cca949edeeb8">
      <Execution id="cf3f78d0-4dee-48ac-8d2b-9ce7781d670f" />
      <TestMethod codeBase="D:/BACKUP/ftp/projects/health/Health/Health.Core.Test/bin/Debug/Health.Core.Test.DLL" adapterTypeName="Microsoft.VisualStudio.TestTools.TestTypes.Unit.UnitTestAdapter, Microsoft.VisualStudio.QualityTools.Tips.UnitTest.Adapter, Version=10.0.0.0, Culture=neutral, PublicKeyToken=b03f5f7f11d50a3a" className="Health.Core.Test.CoreKernelTest, Health.Core.Test, Version=1.0.0.0, Culture=neutral, PublicKeyToken=null" name="UserSessionStarted" />
    </UnitTest>
  </TestDefinitions>
  <TestLists>
    <TestList name="Отсутствующие в списке результаты" id="8c84fa94-04c1-424b-9868-57a2d4851a1d" />
    <TestList name="Все загруженные результаты" id="19431567-8539-422a-85d7-44ee4e166bda" />
  </TestLists>
  <TestEntries>
    <TestEntry testId="1f777003-b005-92a6-e502-cca949edeeb8" executionId="cf3f78d0-4dee-48ac-8d2b-9ce7781d670f" testListId="8c84fa94-04c1-424b-9868-57a2d4851a1d" />
  </TestEntries>
  <Results>
    <UnitTestResult executionId="cf3f78d0-4dee-48ac-8d2b-9ce7781d670f" testId="1f777003-b005-92a6-e502-cca949edeeb8" testName="UserSessionStarted" computerName="CRASH-PC" duration="00:00:00.4789601" startTime="2011-08-02T19:36:18.9185830+07:00" endTime="2011-08-02T19:36:20.3966675+07:00" testType="13cdc9d9-ddb5-4fa4-a97d-d965ccfc6d4b" outcome="Failed" testListId="8c84fa94-04c1-424b-9868-57a2d4851a1d" relativeResultsDirectory="cf3f78d0-4dee-48ac-8d2b-9ce7781d670f">
      <Output>
        <ErrorInfo>
          <Message>Метод проверки Health.Core.Test.CoreKernelTest.UserSessionStarted выдал исключение: System.Collections.Generic.KeyNotFoundException: Данный ключ отсутствует в словаре..</Message>
          <StackTrace>    в System.Collections.Generic.Dictionary`2.get_Item(TKey key)
   в Health.Data.Repository.Fake.FakeActualCredentialRepository.Read(String identifier) в D:\BACKUP\ftp\projects\health\Health\Health.Data\Repository\Fake\FakeActualCredentialRepository.cs:строка 31
   в Health.Core.Services.AuthorizationService`1.get_UserCredential() в D:\BACKUP\ftp\projects\health\Health\Health.Core\Services\AuthorizationService.cs:строка 72
   в Health.Core.Test.CoreKernelTest.UserSessionStarted() в D:\BACKUP\ftp\projects\health\Health\Health.Core.Test\CoreKernelTest.cs:строка 30
</StackTrace>
        </ErrorInfo>
      </Output>
    </UnitTestResult>
  </Results>
</TestRun>