<?xml version="1.0" encoding="UTF-8"?>
<TestRun id="8706adb1-a846-4dc0-95e4-493d8cbceb16" name="crash@CRASH-PC 2011-08-02 19:46:08" runUser="crash-pc\crash" xmlns="http://microsoft.com/schemas/VisualStudio/TeamTest/2010">
  <TestSettings name="Локальные" id="0f559936-debe-4c34-8ceb-5be85127149a">
    <Description>Это - параметры по умолчанию для локального тестового запуска.</Description>
    <Deployment enabled="false" runDeploymentRoot="crash_CRASH-PC 2011-08-02 19_46_08">
      <DeploymentItem filename="D:\BACKUP\ftp\projects\health\Health\Health.Core\bin\Debug\Health.Core.dll" />
      <DeploymentItem filename="D:\BACKUP\ftp\projects\health\Health\packages\Ninject.2.2.1.4\lib\net40-Full\Ninject.dll" />
      <DeploymentItem filename="D:\BACKUP\ftp\projects\health\Health\Health.API\bin\Debug\Health.API.dll" />
      <DeploymentItem filename="D:\BACKUP\ftp\projects\health\Health\packages\Moq.4.0.10827\lib\NET40\Moq.dll" />
      <DeploymentItem filename="D:\BACKUP\ftp\projects\health\Health\Health.Data\bin\Debug\Health.Data.dll" />
    </Deployment>
    <Execution>
      <TestTypeSpecific />
      <AgentRule name="Execution Agents">
      </AgentRule>
    </Execution>
  </TestSettings>
  <Times creation="2011-08-02T19:46:08.6283124+07:00" queuing="2011-08-02T19:46:08.6903160+07:00" start="2011-08-02T19:46:08.7083170+07:00" finish="2011-08-02T19:46:09.3693548+07:00" />
  <ResultSummary outcome="Failed">
    <Counters total="1" executed="1" error="0" failed="1" timeout="0" aborted="0" inconclusive="0" passedButRunAborted="0" notRunnable="0" notExecuted="0" disconnected="0" warning="0" passed="0" completed="0" inProgress="0" pending="0" />
  </ResultSummary>
  <TestDefinitions>
    <UnitTest name="UserSessionStarted" storage="d:\backup\ftp\projects\health\health\health.core.test\bin\debug\health.core.test.dll" id="1f777003-b005-92a6-e502-cca949edeeb8">
      <Execution id="16d4e3c6-0847-4d34-8f71-1eca6155ee6e" />
      <TestMethod codeBase="D:/BACKUP/ftp/projects/health/Health/Health.Core.Test/bin/Debug/Health.Core.Test.DLL" adapterTypeName="Microsoft.VisualStudio.TestTools.TestTypes.Unit.UnitTestAdapter, Microsoft.VisualStudio.QualityTools.Tips.UnitTest.Adapter, Version=10.0.0.0, Culture=neutral, PublicKeyToken=b03f5f7f11d50a3a" className="Health.Core.Test.CoreKernelTest, Health.Core.Test, Version=1.0.0.0, Culture=neutral, PublicKeyToken=null" name="UserSessionStarted" />
    </UnitTest>
  </TestDefinitions>
  <TestLists>
    <TestList name="Отсутствующие в списке результаты" id="8c84fa94-04c1-424b-9868-57a2d4851a1d" />
    <TestList name="Все загруженные результаты" id="19431567-8539-422a-85d7-44ee4e166bda" />
  </TestLists>
  <TestEntries>
    <TestEntry testId="1f777003-b005-92a6-e502-cca949edeeb8" executionId="16d4e3c6-0847-4d34-8f71-1eca6155ee6e" testListId="8c84fa94-04c1-424b-9868-57a2d4851a1d" />
  </TestEntries>
  <Results>
    <UnitTestResult executionId="16d4e3c6-0847-4d34-8f71-1eca6155ee6e" testId="1f777003-b005-92a6-e502-cca949edeeb8" testName="UserSessionStarted" computerName="CRASH-PC" duration="00:00:00.2369924" startTime="2011-08-02T19:46:08.7543196+07:00" endTime="2011-08-02T19:46:09.3483536+07:00" testType="13cdc9d9-ddb5-4fa4-a97d-d965ccfc6d4b" outcome="Failed" testListId="8c84fa94-04c1-424b-9868-57a2d4851a1d" relativeResultsDirectory="16d4e3c6-0847-4d34-8f71-1eca6155ee6e">
      <Output>
        <ErrorInfo>
          <Message>Ошибка в Assert.AreEqual. Ожидается: &lt;Health.Data.Entities.UserCredential&gt;. Фактически: &lt;Health.Data.Entities.UserCredential&gt;. </Message>
          <StackTrace>   в Health.Core.Test.CoreKernelTest.UserSessionStarted() в D:\BACKUP\ftp\projects\health\Health\Health.Core.Test\CoreKernelTest.cs:строка 31
</StackTrace>
        </ErrorInfo>
      </Output>
    </UnitTestResult>
  </Results>
</TestRun>